Archive member included to satisfy reference by file (symbol)

d:/iti/arm/imt_sdk_win_64/winarm/armgcc/bin/../lib/gcc/arm-none-eabi/7.2.1/../../../../arm-none-eabi/lib/thumb/v7e-m\libg_nano.a(lib_a-errno.o)
                              ./system/src/newlib/_sbrk.o (__errno)
d:/iti/arm/imt_sdk_win_64/winarm/armgcc/bin/../lib/gcc/arm-none-eabi/7.2.1/../../../../arm-none-eabi/lib/thumb/v7e-m\libg_nano.a(lib_a-impure.o)
                              d:/iti/arm/imt_sdk_win_64/winarm/armgcc/bin/../lib/gcc/arm-none-eabi/7.2.1/../../../../arm-none-eabi/lib/thumb/v7e-m\libg_nano.a(lib_a-errno.o) (_impure_ptr)
d:/iti/arm/imt_sdk_win_64/winarm/armgcc/bin/../lib/gcc/arm-none-eabi/7.2.1/../../../../arm-none-eabi/lib/thumb/v7e-m\libg_nano.a(lib_a-strlen.o)
                              ./system/src/diag/Trace.o (strlen)
d:/iti/arm/imt_sdk_win_64/winarm/armgcc/bin/../lib/gcc/arm-none-eabi/7.2.1/../../../../arm-none-eabi/lib/thumb/v7e-m\libg_nano.a(lib_a-vsnprintf.o)
                              ./system/src/diag/Trace.o (vsnprintf)
d:/iti/arm/imt_sdk_win_64/winarm/armgcc/bin/../lib/gcc/arm-none-eabi/7.2.1/../../../../arm-none-eabi/lib/thumb/v7e-m\libg_nano.a(lib_a-nano-svfprintf.o)
                              d:/iti/arm/imt_sdk_win_64/winarm/armgcc/bin/../lib/gcc/arm-none-eabi/7.2.1/../../../../arm-none-eabi/lib/thumb/v7e-m\libg_nano.a(lib_a-vsnprintf.o) (_svfprintf_r)
d:/iti/arm/imt_sdk_win_64/winarm/armgcc/bin/../lib/gcc/arm-none-eabi/7.2.1/../../../../arm-none-eabi/lib/thumb/v7e-m\libg_nano.a(lib_a-nano-vfprintf_i.o)
                              d:/iti/arm/imt_sdk_win_64/winarm/armgcc/bin/../lib/gcc/arm-none-eabi/7.2.1/../../../../arm-none-eabi/lib/thumb/v7e-m\libg_nano.a(lib_a-nano-svfprintf.o) (_printf_i)
d:/iti/arm/imt_sdk_win_64/winarm/armgcc/bin/../lib/gcc/arm-none-eabi/7.2.1/../../../../arm-none-eabi/lib/thumb/v7e-m\libg_nano.a(lib_a-memchr.o)
                              d:/iti/arm/imt_sdk_win_64/winarm/armgcc/bin/../lib/gcc/arm-none-eabi/7.2.1/../../../../arm-none-eabi/lib/thumb/v7e-m\libg_nano.a(lib_a-nano-svfprintf.o) (memchr)
d:/iti/arm/imt_sdk_win_64/winarm/armgcc/bin/../lib/gcc/arm-none-eabi/7.2.1/../../../../arm-none-eabi/lib/thumb/v7e-m\libg_nano.a(lib_a-memcpy-stub.o)
                              d:/iti/arm/imt_sdk_win_64/winarm/armgcc/bin/../lib/gcc/arm-none-eabi/7.2.1/../../../../arm-none-eabi/lib/thumb/v7e-m\libg_nano.a(lib_a-nano-svfprintf.o) (memcpy)
d:/iti/arm/imt_sdk_win_64/winarm/armgcc/bin/../lib/gcc/arm-none-eabi/7.2.1/../../../../arm-none-eabi/lib/thumb/v7e-m\libg_nano.a(lib_a-memmove.o)
                              d:/iti/arm/imt_sdk_win_64/winarm/armgcc/bin/../lib/gcc/arm-none-eabi/7.2.1/../../../../arm-none-eabi/lib/thumb/v7e-m\libg_nano.a(lib_a-nano-svfprintf.o) (memmove)
d:/iti/arm/imt_sdk_win_64/winarm/armgcc/bin/../lib/gcc/arm-none-eabi/7.2.1/../../../../arm-none-eabi/lib/thumb/v7e-m\libg_nano.a(lib_a-nano-freer.o)
                              d:/iti/arm/imt_sdk_win_64/winarm/armgcc/bin/../lib/gcc/arm-none-eabi/7.2.1/../../../../arm-none-eabi/lib/thumb/v7e-m\libg_nano.a(lib_a-nano-svfprintf.o) (_free_r)
d:/iti/arm/imt_sdk_win_64/winarm/armgcc/bin/../lib/gcc/arm-none-eabi/7.2.1/../../../../arm-none-eabi/lib/thumb/v7e-m\libg_nano.a(lib_a-nano-mallocr.o)
                              d:/iti/arm/imt_sdk_win_64/winarm/armgcc/bin/../lib/gcc/arm-none-eabi/7.2.1/../../../../arm-none-eabi/lib/thumb/v7e-m\libg_nano.a(lib_a-nano-svfprintf.o) (_malloc_r)
d:/iti/arm/imt_sdk_win_64/winarm/armgcc/bin/../lib/gcc/arm-none-eabi/7.2.1/../../../../arm-none-eabi/lib/thumb/v7e-m\libg_nano.a(lib_a-nano-reallocr.o)
                              d:/iti/arm/imt_sdk_win_64/winarm/armgcc/bin/../lib/gcc/arm-none-eabi/7.2.1/../../../../arm-none-eabi/lib/thumb/v7e-m\libg_nano.a(lib_a-nano-svfprintf.o) (_realloc_r)
d:/iti/arm/imt_sdk_win_64/winarm/armgcc/bin/../lib/gcc/arm-none-eabi/7.2.1/../../../../arm-none-eabi/lib/thumb/v7e-m\libg_nano.a(lib_a-sbrkr.o)
                              d:/iti/arm/imt_sdk_win_64/winarm/armgcc/bin/../lib/gcc/arm-none-eabi/7.2.1/../../../../arm-none-eabi/lib/thumb/v7e-m\libg_nano.a(lib_a-nano-mallocr.o) (_sbrk_r)
d:/iti/arm/imt_sdk_win_64/winarm/armgcc/bin/../lib/gcc/arm-none-eabi/7.2.1/../../../../arm-none-eabi/lib/thumb/v7e-m\libg_nano.a(lib_a-mlock.o)
                              d:/iti/arm/imt_sdk_win_64/winarm/armgcc/bin/../lib/gcc/arm-none-eabi/7.2.1/../../../../arm-none-eabi/lib/thumb/v7e-m\libg_nano.a(lib_a-nano-freer.o) (__malloc_lock)
d:/iti/arm/imt_sdk_win_64/winarm/armgcc/bin/../lib/gcc/arm-none-eabi/7.2.1/../../../../arm-none-eabi/lib/thumb/v7e-m\libg_nano.a(lib_a-nano-msizer.o)
                              d:/iti/arm/imt_sdk_win_64/winarm/armgcc/bin/../lib/gcc/arm-none-eabi/7.2.1/../../../../arm-none-eabi/lib/thumb/v7e-m\libg_nano.a(lib_a-nano-reallocr.o) (_malloc_usable_size_r)

Allocating common symbols
Common symbol       size              file

errno               0x4               ./system/src/newlib/_syscalls.o
[...]
Memory Configuration

Name             Origin             Length             Attributes
RAM              0x20000000         0x00010000         xrw
CCMRAM           0x10000000         0x00000000         xrw
FLASH            0x08000000         0x00040000         xr
FLASHB1          0x00000000         0x00000000         xr
EXTMEMB0         0x00000000         0x00000000         xr
EXTMEMB1         0x00000000         0x00000000         xr
EXTMEMB2         0x00000000         0x00000000         xr
EXTMEMB3         0x00000000         0x00000000         xr
*default*        0x00000000         0xffffffff

Linker script and memory map

LOAD ./system/src/stm32f4-hal/stm32f4xx_hal.o
LOAD ./system/src/stm32f4-hal/stm32f4xx_hal_cortex.o
LOAD ./system/src/stm32f4-hal/stm32f4xx_hal_dfsdm.o
LOAD ./system/src/stm32f4-hal/stm32f4xx_hal_flash.o
LOAD ./system/src/stm32f4-hal/stm32f4xx_hal_gpio.o
LOAD ./system/src/stm32f4-hal/stm32f4xx_hal_iwdg.o
LOAD ./system/src/stm32f4-hal/stm32f4xx_hal_pwr.o
LOAD ./system/src/stm32f4-hal/stm32f4xx_hal_rcc.o
LOAD ./system/src/newlib/_cxx.o
LOAD ./system/src/newlib/_exit.o
LOAD ./system/src/newlib/_sbrk.o
LOAD ./system/src/newlib/_startup.o
LOAD ./system/src/newlib/_syscalls.o
LOAD ./system/src/newlib/assert.o
LOAD ./system/src/diag/Trace.o
LOAD ./system/src/diag/trace_impl.o
LOAD ./system/src/cortexm/_initialize_hardware.o
LOAD ./system/src/cortexm/_reset_hardware.o
LOAD ./system/src/cortexm/exception_handlers.o
LOAD ./system/src/cmsis/system_stm32f4xx.o
LOAD ./system/src/cmsis/vectors_stm32f401xc.o
LOAD ./src/MCAL/TIMER/Timer_prog.o
LOAD ./src/MCAL/SYSTICK/Systick_program.o
LOAD ./src/MCAL/RCC/RCC_program.o
LOAD ./src/MCAL/NVIC/NVIC_program.o
LOAD ./src/MCAL/GPIO/GPIO_program.o
LOAD ./src/MCAL/EXTI/EXTI_program.o
LOAD ./src/HAL/IR/IR_program.o
LOAD ./src/_initialize_hardware.o
LOAD ./src/main.o
LOAD ./src/stm32f4xx_hal_msp.o
LOAD d:/iti/arm/imt_sdk_win_64/winarm/armgcc/bin/../lib/gcc/arm-none-eabi/7.2.1/../../../../arm-none-eabi/lib/thumb/v7e-m\libstdc++_nano.a
LOAD d:/iti/arm/imt_sdk_win_64/winarm/armgcc/bin/../lib/gcc/arm-none-eabi/7.2.1/../../../../arm-none-eabi/lib/thumb/v7e-m\libm.a
START GROUP
LOAD d:/iti/arm/imt_sdk_win_64/winarm/armgcc/bin/../lib/gcc/arm-none-eabi/7.2.1/thumb/v7e-m\libgcc.a
LOAD d:/iti/arm/imt_sdk_win_64/winarm/armgcc/bin/../lib/gcc/arm-none-eabi/7.2.1/../../../../arm-none-eabi/lib/thumb/v7e-m\libg_nano.a
LOAD d:/iti/arm/imt_sdk_win_64/winarm/armgcc/bin/../lib/gcc/arm-none-eabi/7.2.1/../../../../arm-none-eabi/lib/thumb/v7e-m\libc_nano.a
END GROUP
START GROUP
LOAD d:/iti/arm/imt_sdk_win_64/winarm/armgcc/bin/../lib/gcc/arm-none-eabi/7.2.1/thumb/v7e-m\libgcc.a
LOAD d:/iti/arm/imt_sdk_win_64/winarm/armgcc/bin/../lib/gcc/arm-none-eabi/7.2.1/../../../../arm-none-eabi/lib/thumb/v7e-m\libc_nano.a
END GROUP
                0x20010000                __stack = (ORIGIN (RAM) + LENGTH (RAM))
                0x20010000                _estack = __stack
                0x00000400                __Main_Stack_Size = 0x400
                [!provide]                PROVIDE (_Main_Stack_Size, __Main_Stack_Size)
                0x2000fc00                __Main_Stack_Limit = (__stack - __Main_Stack_Size)
                [!provide]                PROVIDE (_Main_Stack_Limit, __Main_Stack_Limit)
                0x00000100                _Minimum_Stack_Size = 0x100
                0x200001ec                PROVIDE (_Heap_Begin, _end_noinit)
                0x2000fc00                PROVIDE (_Heap_Limit, (__stack - __Main_Stack_Size))

.isr_vector     0x08000000      0x3f4
 FILL mask 0xff
                0x08000000                __vectors_start = ABSOLUTE (.)
                0x08000000                __vectors_start__ = ABSOLUTE (.)
 *(.isr_vector)
 .isr_vector    0x08000000      0x194 ./system/src/cmsis/vectors_stm32f401xc.o
                0x08000000                __isr_vectors
 *(.cfmconfig)
 *(.after_vectors .after_vectors.*)
 .after_vectors
                0x08000194      0x130 ./system/src/newlib/_startup.o
                0x08000194                _start
 .after_vectors
                0x080002c4      0x12c ./system/src/cortexm/exception_handlers.o
                0x080002c4                Reset_Handler
                0x080002ca                NMI_Handler
                0x080002ce                HardFault_Handler
                0x080002e2                HardFault_Handler_C
                0x08000340                MemManage_Handler
                0x08000344                BusFault_Handler
                0x08000358                BusFault_Handler_C
                0x0800038c                UsageFault_Handler
                0x080003a0                UsageFault_Handler_C
                0x080003d4                SVC_Handler
                0x080003d8                DebugMon_Handler
                0x080003dc                PendSV_Handler
 .after_vectors
                0x080003f0        0x4 ./system/src/cmsis/vectors_stm32f401xc.o
                0x080003f0                RTC_Alarm_IRQHandler
                0x080003f0                EXTI2_IRQHandler
                0x080003f0                SPI4_IRQHandler
                0x080003f0                TIM1_CC_IRQHandler
                0x080003f0                DMA2_Stream5_IRQHandler
                0x080003f0                DMA1_Stream5_IRQHandler
                0x080003f0                PVD_IRQHandler
                0x080003f0                SDIO_IRQHandler
                0x080003f0                TAMP_STAMP_IRQHandler
                0x080003f0                EXTI3_IRQHandler
                0x080003f0                TIM1_UP_TIM10_IRQHandler
                0x080003f0                I2C3_ER_IRQHandler
                0x080003f0                I2C2_EV_IRQHandler
                0x080003f0                DMA1_Stream2_IRQHandler
                0x080003f0                FPU_IRQHandler
                0x080003f0                DMA2_Stream2_IRQHandler
                0x080003f0                SPI1_IRQHandler
                0x080003f0                TIM1_BRK_TIM9_IRQHandler
                0x080003f0                DMA2_Stream3_IRQHandler
                0x080003f0                USART6_IRQHandler
                0x080003f0                DMA2_Stream0_IRQHandler
                0x080003f0                TIM4_IRQHandler
                0x080003f0                I2C1_EV_IRQHandler
                0x080003f0                DMA1_Stream6_IRQHandler
                0x080003f0                DMA1_Stream1_IRQHandler
                0x080003f0                TIM3_IRQHandler
                0x080003f0                RCC_IRQHandler
                0x080003f0                Default_Handler
                0x080003f0                EXTI15_10_IRQHandler
                0x080003f0                ADC_IRQHandler
                0x080003f0                DMA1_Stream7_IRQHandler
                0x080003f0                TIM5_IRQHandler
                0x080003f0                DMA2_Stream7_IRQHandler
                0x080003f0                I2C3_EV_IRQHandler
                0x080003f0                RTC_WKUP_IRQHandler
                0x080003f0                SPI2_IRQHandler
                0x080003f0                DMA1_Stream0_IRQHandler
                0x080003f0                EXTI4_IRQHandler
                0x080003f0                WWDG_IRQHandler
                0x080003f0                TIM2_IRQHandler
                0x080003f0                OTG_FS_WKUP_IRQHandler
                0x080003f0                TIM1_TRG_COM_TIM11_IRQHandler
                0x080003f0                USART2_IRQHandler
                0x080003f0                I2C2_ER_IRQHandler
                0x080003f0                DMA2_Stream1_IRQHandler
                0x080003f0                FLASH_IRQHandler
                0x080003f0                DMA2_Stream4_IRQHandler
                0x080003f0                USART1_IRQHandler
                0x080003f0                OTG_FS_IRQHandler
                0x080003f0                SPI3_IRQHandler
                0x080003f0                DMA1_Stream4_IRQHandler
                0x080003f0                I2C1_ER_IRQHandler
                0x080003f0                DMA2_Stream6_IRQHandler
                0x080003f0                DMA1_Stream3_IRQHandler

.inits          0x080003f4       0x28
                0x080003f4                __data_regions_array_start = .
                0x080003f4        0x4 LONG 0x8002254 LOADADDR (.data)
                0x080003f8        0x4 LONG 0x20000000 ADDR (.data)
                0x080003fc        0x4 LONG 0x20000078 (ADDR (.data) + SIZEOF (.data))
                0x08000400        0x4 LONG 0x8002254 LOADADDR (.data_CCMRAM)
                0x08000404        0x4 LONG 0x10000000 ADDR (.data_CCMRAM)
                0x08000408        0x4 LONG 0x10000000 (ADDR (.data_CCMRAM) + SIZEOF (.data_CCMRAM))
                0x0800040c                __data_regions_array_end = .
                0x0800040c                __bss_regions_array_start = .
                0x0800040c        0x4 LONG 0x20000078 ADDR (.bss)
                0x08000410        0x4 LONG 0x200001ec (ADDR (.bss) + SIZEOF (.bss))
                0x08000414        0x4 LONG 0x10000000 ADDR (.bss_CCMRAM)
                0x08000418        0x4 LONG 0x10000000 (ADDR (.bss_CCMRAM) + SIZEOF (.bss_CCMRAM))
                0x0800041c                __bss_regions_array_end = .
 *(.init)
 *(.fini)
                0x0800041c                . = ALIGN (0x4)
                0x0800041c                PROVIDE (__preinit_array_start, .)
 *(.preinit_array_sysinit .preinit_array_sysinit.*)
 *(.preinit_array_platform .preinit_array_platform.*)
 *(.preinit_array .preinit_array.*)
                0x0800041c                PROVIDE (__preinit_array_end, .)
                0x0800041c                . = ALIGN (0x4)
                0x0800041c                PROVIDE (__init_array_start, .)
 *(SORT_BY_NAME(.init_array.*))
 *(.init_array)
                0x0800041c                PROVIDE (__init_array_end, .)
                0x0800041c                . = ALIGN (0x4)
                0x0800041c                PROVIDE (__fini_array_start, .)
 *(SORT_BY_NAME(.fini_array.*))
 *(.fini_array)
                0x0800041c                PROVIDE (__fini_array_end, .)

.flashtext
 *(.flashtext .flashtext.*)

.text           0x08000420     0x1e33
 *(.text .text.*)
 .text._exit    0x08000420        0x2 ./system/src/newlib/_exit.o
                0x08000420                _exit
 *fill*         0x08000422        0x2 
 .text._sbrk    0x08000424       0x44 ./system/src/newlib/_sbrk.o
                0x08000424                _sbrk
 .text.__initialize_args
                0x08000468       0x10 ./system/src/newlib/_syscalls.o
                0x08000468                __initialize_args
 .text.trace_printf
                0x08000478       0x30 ./system/src/diag/Trace.o
                0x08000478                trace_printf
 .text._trace_write_semihosting_debug
                0x080004a8       0x60 ./system/src/diag/trace_impl.o
 .text.trace_write
                0x08000508        0x8 ./system/src/diag/trace_impl.o
                0x08000508                trace_write
 .text.__initialize_hardware_early
                0x08000510       0x18 ./system/src/cortexm/_initialize_hardware.o
                0x08000510                __initialize_hardware_early
 .text.dumpExceptionStack
                0x08000528       0xf4 ./system/src/cortexm/exception_handlers.o
                0x08000528                dumpExceptionStack
 .text.isSemihosting
                0x0800061c       0x20 ./system/src/cortexm/exception_handlers.o
                0x0800061c                isSemihosting
 .text.SystemInit
                0x0800063c       0x40 ./system/src/cmsis/system_stm32f4xx.o
                0x0800063c                SystemInit
 .text.MTimer_voidInit
                0x0800067c      0x404 ./src/MCAL/TIMER/Timer_prog.o
                0x0800067c                MTimer_voidInit
 .text.MTimer_voidPWM
                0x08000a80      0x634 ./src/MCAL/TIMER/Timer_prog.o
                0x08000a80                MTimer_voidPWM
 .text.MSTK_vInit
                0x080010b4       0x18 ./src/MCAL/SYSTICK/Systick_program.o
                0x080010b4                MSTK_vInit
 .text.MSTK_vStopTimer
                0x080010cc       0x10 ./src/MCAL/SYSTICK/Systick_program.o
                0x080010cc                MSTK_vStopTimer
 .text.MSTK_vSetIntervalSingle
                0x080010dc       0x38 ./src/MCAL/SYSTICK/Systick_program.o
                0x080010dc                MSTK_vSetIntervalSingle
 .text.MSTK_u32GetElapsedTime
                0x08001114       0x10 ./src/MCAL/SYSTICK/Systick_program.o
                0x08001114                MSTK_u32GetElapsedTime
 .text.SysTick_Handler
                0x08001124       0x28 ./src/MCAL/SYSTICK/Systick_program.o
                0x08001124                SysTick_Handler
 .text.MRCC_vInit
                0x0800114c       0x3c ./src/MCAL/RCC/RCC_program.o
                0x0800114c                MRCC_vInit
 .text.MRCC_vEnableClock
                0x08001188       0x50 ./src/MCAL/RCC/RCC_program.o
                0x08001188                MRCC_vEnableClock
 .text.MNVIC_vEnableInteruptPeripheral
                0x080011d8       0x18 ./src/MCAL/NVIC/NVIC_program.o
                0x080011d8                MNVIC_vEnableInteruptPeripheral
 .text.MGPIO_vInit
                0x080011f0      0x2ac ./src/MCAL/GPIO/GPIO_program.o
                0x080011f0                MGPIO_vInit
 .text.MEXTI_vSetTrigger
                0x0800149c       0x58 ./src/MCAL/EXTI/EXTI_program.o
                0x0800149c                MEXTI_vSetTrigger
 .text.MEXTI_vEnableLine
                0x080014f4       0x20 ./src/MCAL/EXTI/EXTI_program.o
                0x080014f4                MEXTI_vEnableLine
 .text.MEXTI_vClearFlage
                0x08001514       0x14 ./src/MCAL/EXTI/EXTI_program.o
                0x08001514                MEXTI_vClearFlage
 .text.MEXTI_vSetCallBack
                0x08001528       0x18 ./src/MCAL/EXTI/EXTI_program.o
                0x08001528                MEXTI_vSetCallBack
 .text.EXTI0_IRQHandler
                0x08001540       0x18 ./src/MCAL/EXTI/EXTI_program.o
                0x08001540                EXTI0_IRQHandler
 .text.EXTI1_IRQHandler
                0x08001558       0x18 ./src/MCAL/EXTI/EXTI_program.o
                0x08001558                EXTI1_IRQHandler
 .text.EXTI9_5_IRQHandler
                0x08001570        0x2 ./src/MCAL/EXTI/EXTI_program.o
                0x08001570                EXTI9_5_IRQHandler
 *fill*         0x08001572        0x2 
 .text.Read_data
                0x08001574       0xa4 ./src/HAL/IR/IR_program.o
                0x08001574                Read_data
 .text.Read_time
                0x08001618       0x60 ./src/HAL/IR/IR_program.o
                0x08001618                Read_time
 .text.__initialize_hardware
                0x08001678        0x2 ./src/_initialize_hardware.o
                0x08001678                __initialize_hardware
 *fill*         0x0800167a        0x2 
 .text.IR_APP   0x0800167c       0xd8 ./src/main.o
                0x0800167c                IR_APP
 .text.main     0x08001754       0x94 ./src/main.o
                0x08001754                main
 .text.__errno  0x080017e8        0xc d:/iti/arm/imt_sdk_win_64/winarm/armgcc/bin/../lib/gcc/arm-none-eabi/7.2.1/../../../../arm-none-eabi/lib/thumb/v7e-m\libg_nano.a(lib_a-errno.o)
                0x080017e8                __errno
 .text._vsnprintf_r
                0x080017f4       0x58 d:/iti/arm/imt_sdk_win_64/winarm/armgcc/bin/../lib/gcc/arm-none-eabi/7.2.1/../../../../arm-none-eabi/lib/thumb/v7e-m\libg_nano.a(lib_a-vsnprintf.o)
                0x080017f4                _vsniprintf_r
                0x080017f4                _vsnprintf_r
 .text.vsnprintf
                0x0800184c       0x1c d:/iti/arm/imt_sdk_win_64/winarm/armgcc/bin/../lib/gcc/arm-none-eabi/7.2.1/../../../../arm-none-eabi/lib/thumb/v7e-m\libg_nano.a(lib_a-vsnprintf.o)
                0x0800184c                vsniprintf
                0x0800184c                vsnprintf
 .text.__ssputs_r
                0x08001868       0xb4 d:/iti/arm/imt_sdk_win_64/winarm/armgcc/bin/../lib/gcc/arm-none-eabi/7.2.1/../../../../arm-none-eabi/lib/thumb/v7e-m\libg_nano.a(lib_a-nano-svfprintf.o)
                0x08001868                __ssputs_r
 .text._svfprintf_r
                0x0800191c      0x1ec d:/iti/arm/imt_sdk_win_64/winarm/armgcc/bin/../lib/gcc/arm-none-eabi/7.2.1/../../../../arm-none-eabi/lib/thumb/v7e-m\libg_nano.a(lib_a-nano-svfprintf.o)
                0x0800191c                _svfiprintf_r
                0x0800191c                _svfprintf_r
 .text._printf_common
                0x08001b08       0xea d:/iti/arm/imt_sdk_win_64/winarm/armgcc/bin/../lib/gcc/arm-none-eabi/7.2.1/../../../../arm-none-eabi/lib/thumb/v7e-m\libg_nano.a(lib_a-nano-vfprintf_i.o)
                0x08001b08                _printf_common
 *fill*         0x08001bf2        0x2 
 .text._printf_i
                0x08001bf4      0x224 d:/iti/arm/imt_sdk_win_64/winarm/armgcc/bin/../lib/gcc/arm-none-eabi/7.2.1/../../../../arm-none-eabi/lib/thumb/v7e-m\libg_nano.a(lib_a-nano-vfprintf_i.o)
                0x08001bf4                _printf_i
 *fill*         0x08001e18        0x8 
 .text          0x08001e20       0xa0 d:/iti/arm/imt_sdk_win_64/winarm/armgcc/bin/../lib/gcc/arm-none-eabi/7.2.1/../../../../arm-none-eabi/lib/thumb/v7e-m\libg_nano.a(lib_a-memchr.o)
                0x08001e20                memchr
 .text.memcpy   0x08001ec0       0x16 d:/iti/arm/imt_sdk_win_64/winarm/armgcc/bin/../lib/gcc/arm-none-eabi/7.2.1/../../../../arm-none-eabi/lib/thumb/v7e-m\libg_nano.a(lib_a-memcpy-stub.o)
                0x08001ec0                memcpy
 .text.memmove  0x08001ed6       0x32 d:/iti/arm/imt_sdk_win_64/winarm/armgcc/bin/../lib/gcc/arm-none-eabi/7.2.1/../../../../arm-none-eabi/lib/thumb/v7e-m\libg_nano.a(lib_a-memmove.o)
                0x08001ed6                memmove
 .text._free_r  0x08001f08       0x9c d:/iti/arm/imt_sdk_win_64/winarm/armgcc/bin/../lib/gcc/arm-none-eabi/7.2.1/../../../../arm-none-eabi/lib/thumb/v7e-m\libg_nano.a(lib_a-nano-freer.o)
                0x08001f08                _free_r
 .text._malloc_r
                0x08001fa4       0xb4 d:/iti/arm/imt_sdk_win_64/winarm/armgcc/bin/../lib/gcc/arm-none-eabi/7.2.1/../../../../arm-none-eabi/lib/thumb/v7e-m\libg_nano.a(lib_a-nano-mallocr.o)
                0x08001fa4                _malloc_r
 .text._realloc_r
                0x08002058       0x4c d:/iti/arm/imt_sdk_win_64/winarm/armgcc/bin/../lib/gcc/arm-none-eabi/7.2.1/../../../../arm-none-eabi/lib/thumb/v7e-m\libg_nano.a(lib_a-nano-reallocr.o)
                0x08002058                _realloc_r
 .text._sbrk_r  0x080020a4       0x20 d:/iti/arm/imt_sdk_win_64/winarm/armgcc/bin/../lib/gcc/arm-none-eabi/7.2.1/../../../../arm-none-eabi/lib/thumb/v7e-m\libg_nano.a(lib_a-sbrkr.o)
                0x080020a4                _sbrk_r
 .text.__malloc_lock
                0x080020c4        0x2 d:/iti/arm/imt_sdk_win_64/winarm/armgcc/bin/../lib/gcc/arm-none-eabi/7.2.1/../../../../arm-none-eabi/lib/thumb/v7e-m\libg_nano.a(lib_a-mlock.o)
                0x080020c4                __malloc_lock
 .text.__malloc_unlock
                0x080020c6        0x2 d:/iti/arm/imt_sdk_win_64/winarm/armgcc/bin/../lib/gcc/arm-none-eabi/7.2.1/../../../../arm-none-eabi/lib/thumb/v7e-m\libg_nano.a(lib_a-mlock.o)
                0x080020c6                __malloc_unlock
 .text._malloc_usable_size_r
                0x080020c8       0x10 d:/iti/arm/imt_sdk_win_64/winarm/armgcc/bin/../lib/gcc/arm-none-eabi/7.2.1/../../../../arm-none-eabi/lib/thumb/v7e-m\libg_nano.a(lib_a-nano-msizer.o)
                0x080020c8                _malloc_usable_size_r
 *(.rodata .rodata.* .constdata .constdata.*)
 .rodata.dumpExceptionStack.str1.4
                0x080020d8      0x11a ./system/src/cortexm/exception_handlers.o
 *fill*         0x080021f2        0x2 
 .rodata.str1.4
                0x080021f4       0x2c ./system/src/cortexm/exception_handlers.o
                                 0x2a (size before relaxing)
 .rodata._svfprintf_r.str1.1
                0x08002220       0x11 d:/iti/arm/imt_sdk_win_64/winarm/armgcc/bin/../lib/gcc/arm-none-eabi/7.2.1/../../../../arm-none-eabi/lib/thumb/v7e-m\libg_nano.a(lib_a-nano-svfprintf.o)
 .rodata._printf_i.str1.1
                0x08002231       0x22 d:/iti/arm/imt_sdk_win_64/winarm/armgcc/bin/../lib/gcc/arm-none-eabi/7.2.1/../../../../arm-none-eabi/lib/thumb/v7e-m\libg_nano.a(lib_a-nano-vfprintf_i.o)
 *(vtable)
 *(.eh_frame*)
 *(.glue_7)
 .glue_7        0x08002253        0x0 linker stubs
 *(.glue_7t)
 .glue_7t       0x08002253        0x0 linker stubs

.vfp11_veneer   0x08002254        0x0
 .vfp11_veneer  0x08002254        0x0 linker stubs

.v4_bx          0x08002254        0x0
 .v4_bx         0x08002254        0x0 linker stubs

.iplt           0x08002254        0x0
 .iplt          0x08002254        0x0 ./system/src/newlib/_exit.o

.rel.dyn        0x08002254        0x0
 .rel.iplt      0x08002254        0x0 ./system/src/newlib/_exit.o

.ARM.extab
 *(.ARM.extab* .gnu.linkonce.armextab.*)
                0x08002254                . = ALIGN (0x4)
                0x08002254                __exidx_start = .

.ARM.exidx
 *(.ARM.exidx* .gnu.linkonce.armexidx.*)
                0x08002254                __exidx_end = .
                0x08002254                . = ALIGN (0x4)
                0x08002254                _etext = .
                0x08002254                __etext = .

.data_CCMRAM    0x10000000        0x0 load address 0x08002254
 FILL mask 0xff
 *(.data.CCMRAM .data.CCMRAM.*)
                0x10000000                . = ALIGN (0x4)
                0x08002254                _sidata = LOADADDR (.data)

.data           0x20000000       0x78 load address 0x08002254
 FILL mask 0xff
                0x20000000                _sdata = .
                0x20000000                __data_start__ = .
 *(.data_begin .data_begin.*)
 .data_begin    0x20000000        0x4 ./system/src/newlib/_startup.o
 *(.data .data.*)
 .data.argv.4310
                0x20000004        0x8 ./system/src/newlib/_syscalls.o
 .data.flag     0x2000000c        0x1 ./src/HAL/IR/IR_program.o
                0x2000000c                flag
 *fill*         0x2000000d        0x3 ff
 .data._impure_ptr
                0x20000010        0x4 d:/iti/arm/imt_sdk_win_64/winarm/armgcc/bin/../lib/gcc/arm-none-eabi/7.2.1/../../../../arm-none-eabi/lib/thumb/v7e-m\libg_nano.a(lib_a-impure.o)
                0x20000010                _impure_ptr
 .data.impure_data
                0x20000014       0x60 d:/iti/arm/imt_sdk_win_64/winarm/armgcc/bin/../lib/gcc/arm-none-eabi/7.2.1/../../../../arm-none-eabi/lib/thumb/v7e-m\libg_nano.a(lib_a-impure.o)
 *(.data_end .data_end.*)
 .data_end      0x20000074        0x4 ./system/src/newlib/_startup.o
                0x20000078                . = ALIGN (0x4)
                0x20000078                _edata = .
                0x20000078                __data_end__ = .

.igot.plt       0x20000078        0x0 load address 0x080022cc
 .igot.plt      0x20000078        0x0 ./system/src/newlib/_exit.o

.bss_CCMRAM     0x10000000        0x0
 *(.bss.CCMRAM .bss.CCMRAM.*)

.bss            0x20000078      0x174
                0x20000078                __bss_start__ = .
                0x20000078                _sbss = .
 *(.bss_begin .bss_begin.*)
 .bss_begin     0x20000078        0x4 ./system/src/newlib/_startup.o
 *(.bss .bss.*)
 .bss.current_heap_end.3961
                0x2000007c        0x4 ./system/src/newlib/_sbrk.o
 .bss.name.4309
                0x20000080        0x1 ./system/src/newlib/_syscalls.o
 *fill*         0x20000081        0x3 
 .bss.buf.5205  0x20000084       0x80 ./system/src/diag/Trace.o
 .bss.STK_CallBackPTR
                0x20000104        0x4 ./src/MCAL/SYSTICK/Systick_program.o
 .bss.SingleFlag
                0x20000108        0x1 ./src/MCAL/SYSTICK/Systick_program.o
 *fill*         0x20000109        0x3 
 .bss.CallBack  0x2000010c       0x40 ./src/MCAL/EXTI/EXTI_program.o
                0x2000010c                CallBack
 .bss.Data      0x2000014c        0x1 ./src/HAL/IR/IR_program.o
                0x2000014c                Data
 *fill*         0x2000014d        0x3 
 .bss.Data_Frame_Time
                0x20000150       0x88 ./src/HAL/IR/IR_program.o
                0x20000150                Data_Frame_Time
 .bss.counter   0x200001d8        0x1 ./src/HAL/IR/IR_program.o
                0x200001d8                counter
 *fill*         0x200001d9        0x3 
 .bss.__malloc_free_list
                0x200001dc        0x4 d:/iti/arm/imt_sdk_win_64/winarm/armgcc/bin/../lib/gcc/arm-none-eabi/7.2.1/../../../../arm-none-eabi/lib/thumb/v7e-m\libg_nano.a(lib_a-nano-mallocr.o)
                0x200001dc                __malloc_free_list
 .bss.__malloc_sbrk_start
                0x200001e0        0x4 d:/iti/arm/imt_sdk_win_64/winarm/armgcc/bin/../lib/gcc/arm-none-eabi/7.2.1/../../../../arm-none-eabi/lib/thumb/v7e-m\libg_nano.a(lib_a-nano-mallocr.o)
                0x200001e0                __malloc_sbrk_start
 *(COMMON)
 COMMON         0x200001e4        0x4 ./system/src/newlib/_syscalls.o
                0x200001e4                errno
 *(.bss_end .bss_end.*)
 .bss_end       0x200001e8        0x4 ./system/src/newlib/_startup.o
                0x200001ec                . = ALIGN (0x4)
                0x200001ec                __bss_end__ = .
                0x200001ec                _ebss = .

.noinit_CCMRAM
 *(.noinit.CCMRAM .noinit.CCMRAM.*)

.noinit         0x200001ec        0x0
                0x200001ec                _noinit = .
 *(.noinit .noinit.*)
                0x200001ec                . = ALIGN (0x4)
                0x200001ec                _end_noinit = .
                [!provide]                PROVIDE (end, _end_noinit)
                [!provide]                PROVIDE (_end, _end_noinit)
                [!provide]                PROVIDE (__end, _end_noinit)
                [!provide]                PROVIDE (__end__, _end_noinit)

._check_stack   0x200001ec      0x100
                0x200002ec                . = (. + _Minimum_Stack_Size)
 *fill*         0x200001ec      0x100 

.b1text
 *(.b1text)
 *(.b1rodata)
 *(.b1rodata.*)

.eb0text
 *(.eb0text)
 *(.eb0rodata)
 *(.eb0rodata.*)

.eb1text
 *(.eb1text)
 *(.eb1rodata)
 *(.eb1rodata.*)

.eb2text
 *(.eb2text)
 *(.eb2rodata)
 *(.eb2rodata.*)

.eb3text
 *(.eb3text)
 *(.eb3rodata)
 *(.eb3rodata.*)

.stab
 *(.stab)

.stabstr
 *(.stabstr)

.stab.excl
 *(.stab.excl)

.stab.exclstr
 *(.stab.exclstr)

.stab.index
 *(.stab.index)

.stab.indexstr
 *(.stab.indexstr)

.comment        0x00000000       0x7e
 *(.comment)
 .comment       0x00000000       0x7e ./system/src/newlib/_exit.o
                                 0x7f (size before relaxing)
 .comment       0x0000007e       0x7f ./system/src/newlib/_sbrk.o
 .comment       0x0000007e       0x7f ./system/src/newlib/_startup.o
 .comment       0x0000007e       0x7f ./system/src/newlib/_syscalls.o
 .comment       0x0000007e       0x7f ./system/src/diag/Trace.o
 .comment       0x0000007e       0x7f ./system/src/diag/trace_impl.o
 .comment       0x0000007e       0x7f ./system/src/cortexm/_initialize_hardware.o
 .comment       0x0000007e       0x7f ./system/src/cortexm/exception_handlers.o
 .comment       0x0000007e       0x7f ./system/src/cmsis/system_stm32f4xx.o
 .comment       0x0000007e       0x7f ./system/src/cmsis/vectors_stm32f401xc.o
 .comment       0x0000007e       0x7f ./src/MCAL/TIMER/Timer_prog.o
 .comment       0x0000007e       0x7f ./src/MCAL/SYSTICK/Systick_program.o
 .comment       0x0000007e       0x7f ./src/MCAL/RCC/RCC_program.o
 .comment       0x0000007e       0x7f ./src/MCAL/NVIC/NVIC_program.o
 .comment       0x0000007e       0x7f ./src/MCAL/GPIO/GPIO_program.o
 .comment       0x0000007e       0x7f ./src/MCAL/EXTI/EXTI_program.o
 .comment       0x0000007e       0x7f ./src/HAL/IR/IR_program.o
 .comment       0x0000007e       0x7f ./src/_initialize_hardware.o
 .comment       0x0000007e       0x7f ./src/main.o

.ARM.attributes
                0x00000000       0x31
 .ARM.attributes
                0x00000000       0x33 ./system/src/newlib/_exit.o
 .ARM.attributes
                0x00000033       0x33 ./system/src/newlib/_sbrk.o
 .ARM.attributes
                0x00000066       0x33 ./system/src/newlib/_startup.o
 .ARM.attributes
                0x00000099       0x33 ./system/src/newlib/_syscalls.o
 .ARM.attributes
                0x000000cc       0x33 ./system/src/diag/Trace.o
 .ARM.attributes
                0x000000ff       0x33 ./system/src/diag/trace_impl.o
 .ARM.attributes
                0x00000132       0x33 ./system/src/cortexm/_initialize_hardware.o
 .ARM.attributes
                0x00000165       0x33 ./system/src/cortexm/exception_handlers.o
 .ARM.attributes
                0x00000198       0x33 ./system/src/cmsis/system_stm32f4xx.o
 .ARM.attributes
                0x000001cb       0x33 ./system/src/cmsis/vectors_stm32f401xc.o
 .ARM.attributes
                0x000001fe       0x33 ./src/MCAL/TIMER/Timer_prog.o
 .ARM.attributes
                0x00000231       0x33 ./src/MCAL/SYSTICK/Systick_program.o
 .ARM.attributes
                0x00000264       0x33 ./src/MCAL/RCC/RCC_program.o
 .ARM.attributes
                0x00000297       0x33 ./src/MCAL/NVIC/NVIC_program.o
 .ARM.attributes
                0x000002ca       0x33 ./src/MCAL/GPIO/GPIO_program.o
 .ARM.attributes
                0x000002fd       0x33 ./src/MCAL/EXTI/EXTI_program.o
 .ARM.attributes
                0x00000330       0x33 ./src/HAL/IR/IR_program.o
 .ARM.attributes
                0x00000363       0x33 ./src/_initialize_hardware.o
 .ARM.attributes
                0x00000396       0x33 ./src/main.o
 .ARM.attributes
                0x000003c9       0x2e d:/iti/arm/imt_sdk_win_64/winarm/armgcc/bin/../lib/gcc/arm-none-eabi/7.2.1/../../../../arm-none-eabi/lib/thumb/v7e-m\libg_nano.a(lib_a-errno.o)
 .ARM.attributes
                0x000003f7       0x2e d:/iti/arm/imt_sdk_win_64/winarm/armgcc/bin/../lib/gcc/arm-none-eabi/7.2.1/../../../../arm-none-eabi/lib/thumb/v7e-m\libg_nano.a(lib_a-impure.o)
 .ARM.attributes
                0x00000425       0x2e d:/iti/arm/imt_sdk_win_64/winarm/armgcc/bin/../lib/gcc/arm-none-eabi/7.2.1/../../../../arm-none-eabi/lib/thumb/v7e-m\libg_nano.a(lib_a-vsnprintf.o)
 .ARM.attributes
                0x00000453       0x2e d:/iti/arm/imt_sdk_win_64/winarm/armgcc/bin/../lib/gcc/arm-none-eabi/7.2.1/../../../../arm-none-eabi/lib/thumb/v7e-m\libg_nano.a(lib_a-nano-svfprintf.o)
 .ARM.attributes
                0x00000481       0x2e d:/iti/arm/imt_sdk_win_64/winarm/armgcc/bin/../lib/gcc/arm-none-eabi/7.2.1/../../../../arm-none-eabi/lib/thumb/v7e-m\libg_nano.a(lib_a-nano-vfprintf_i.o)
 .ARM.attributes
                0x000004af       0x1c d:/iti/arm/imt_sdk_win_64/winarm/armgcc/bin/../lib/gcc/arm-none-eabi/7.2.1/../../../../arm-none-eabi/lib/thumb/v7e-m\libg_nano.a(lib_a-memchr.o)
 .ARM.attributes
                0x000004cb       0x2e d:/iti/arm/imt_sdk_win_64/winarm/armgcc/bin/../lib/gcc/arm-none-eabi/7.2.1/../../../../arm-none-eabi/lib/thumb/v7e-m\libg_nano.a(lib_a-memcpy-stub.o)
 .ARM.attributes
                0x000004f9       0x2e d:/iti/arm/imt_sdk_win_64/winarm/armgcc/bin/../lib/gcc/arm-none-eabi/7.2.1/../../../../arm-none-eabi/lib/thumb/v7e-m\libg_nano.a(lib_a-memmove.o)
 .ARM.attributes
                0x00000527       0x2e d:/iti/arm/imt_sdk_win_64/winarm/armgcc/bin/../lib/gcc/arm-none-eabi/7.2.1/../../../../arm-none-eabi/lib/thumb/v7e-m\libg_nano.a(lib_a-nano-freer.o)
 .ARM.attributes
                0x00000555       0x2e d:/iti/arm/imt_sdk_win_64/winarm/armgcc/bin/../lib/gcc/arm-none-eabi/7.2.1/../../../../arm-none-eabi/lib/thumb/v7e-m\libg_nano.a(lib_a-nano-mallocr.o)
 .ARM.attributes
                0x00000583       0x2e d:/iti/arm/imt_sdk_win_64/winarm/armgcc/bin/../lib/gcc/arm-none-eabi/7.2.1/../../../../arm-none-eabi/lib/thumb/v7e-m\libg_nano.a(lib_a-nano-reallocr.o)
 .ARM.attributes
                0x000005b1       0x2e d:/iti/arm/imt_sdk_win_64/winarm/armgcc/bin/../lib/gcc/arm-none-eabi/7.2.1/../../../../arm-none-eabi/lib/thumb/v7e-m\libg_nano.a(lib_a-sbrkr.o)
 .ARM.attributes
                0x000005df       0x2e d:/iti/arm/imt_sdk_win_64/winarm/armgcc/bin/../lib/gcc/arm-none-eabi/7.2.1/../../../../arm-none-eabi/lib/thumb/v7e-m\libg_nano.a(lib_a-mlock.o)
 .ARM.attributes
                0x0000060d       0x2e d:/iti/arm/imt_sdk_win_64/winarm/armgcc/bin/../lib/gcc/arm-none-eabi/7.2.1/../../../../arm-none-eabi/lib/thumb/v7e-m\libg_nano.a(lib_a-nano-msizer.o)

.debug
 *(.debug)

.line
 *(.line)

.debug_srcinfo
 *(.debug_srcinfo)

.debug_sfnames
 *(.debug_sfnames)

.debug_aranges  0x00000000      0x468
 *(.debug_aranges)
 .debug_aranges
                0x00000000       0x28 ./system/src/newlib/_exit.o
 .debug_aranges
                0x00000028       0x20 ./system/src/newlib/_sbrk.o
 .debug_aranges
                0x00000048       0x40 ./system/src/newlib/_startup.o
 .debug_aranges
                0x00000088       0x30 ./system/src/newlib/_syscalls.o
 .debug_aranges
                0x000000b8       0x38 ./system/src/diag/Trace.o
 .debug_aranges
                0x000000f0       0x30 ./system/src/diag/trace_impl.o
 .debug_aranges
                0x00000120       0x28 ./system/src/cortexm/_initialize_hardware.o
 .debug_aranges
                0x00000148       0x90 ./system/src/cortexm/exception_handlers.o
 .debug_aranges
                0x000001d8       0x28 ./system/src/cmsis/system_stm32f4xx.o
 .debug_aranges
                0x00000200       0x20 ./system/src/cmsis/vectors_stm32f401xc.o
 .debug_aranges
                0x00000220       0x28 ./src/MCAL/TIMER/Timer_prog.o
 .debug_aranges
                0x00000248       0x80 ./src/MCAL/SYSTICK/Systick_program.o
 .debug_aranges
                0x000002c8       0x30 ./src/MCAL/RCC/RCC_program.o
 .debug_aranges
                0x000002f8       0x50 ./src/MCAL/NVIC/NVIC_program.o
 .debug_aranges
                0x00000348       0x48 ./src/MCAL/GPIO/GPIO_program.o
 .debug_aranges
                0x00000390       0x60 ./src/MCAL/EXTI/EXTI_program.o
 .debug_aranges
                0x000003f0       0x28 ./src/HAL/IR/IR_program.o
 .debug_aranges
                0x00000418       0x28 ./src/_initialize_hardware.o
 .debug_aranges
                0x00000440       0x28 ./src/main.o

.debug_pubnames
 *(.debug_pubnames)

.debug_info     0x00000000     0x9951
 *(.debug_info .gnu.linkonce.wi.*)
 .debug_info    0x00000000      0x956 ./system/src/newlib/_exit.o
 .debug_info    0x00000956      0x942 ./system/src/newlib/_sbrk.o
 .debug_info    0x00001298      0x4bf ./system/src/newlib/_startup.o
 .debug_info    0x00001757      0xa19 ./system/src/newlib/_syscalls.o
 .debug_info    0x00002170      0xb2a ./system/src/diag/Trace.o
 .debug_info    0x00002c9a      0xb6b ./system/src/diag/trace_impl.o
 .debug_info    0x00003805      0xade ./system/src/cortexm/_initialize_hardware.o
 .debug_info    0x000042e3     0x115a ./system/src/cortexm/exception_handlers.o
 .debug_info    0x0000543d      0xcfe ./system/src/cmsis/system_stm32f4xx.o
 .debug_info    0x0000613b       0xca ./system/src/cmsis/vectors_stm32f401xc.o
 .debug_info    0x00006205      0xec0 ./src/MCAL/TIMER/Timer_prog.o
 .debug_info    0x000070c5      0x315 ./src/MCAL/SYSTICK/Systick_program.o
 .debug_info    0x000073da      0x3c7 ./src/MCAL/RCC/RCC_program.o
 .debug_info    0x000077a1      0x365 ./src/MCAL/NVIC/NVIC_program.o
 .debug_info    0x00007b06      0x4f7 ./src/MCAL/GPIO/GPIO_program.o
 .debug_info    0x00007ffd      0x2d3 ./src/MCAL/EXTI/EXTI_program.o
 .debug_info    0x000082d0      0x1ba ./src/HAL/IR/IR_program.o
 .debug_info    0x0000848a      0xcfe ./src/_initialize_hardware.o
 .debug_info    0x00009188      0x7c9 ./src/main.o

.debug_abbrev   0x00000000     0x2089
 *(.debug_abbrev)
 .debug_abbrev  0x00000000      0x1f3 ./system/src/newlib/_exit.o
 .debug_abbrev  0x000001f3      0x1fc ./system/src/newlib/_sbrk.o
 .debug_abbrev  0x000003ef      0x1cb ./system/src/newlib/_startup.o
 .debug_abbrev  0x000005ba      0x234 ./system/src/newlib/_syscalls.o
 .debug_abbrev  0x000007ee      0x276 ./system/src/diag/Trace.o
 .debug_abbrev  0x00000a64      0x2ef ./system/src/diag/trace_impl.o
 .debug_abbrev  0x00000d53      0x1de ./system/src/cortexm/_initialize_hardware.o
 .debug_abbrev  0x00000f31      0x32b ./system/src/cortexm/exception_handlers.o
 .debug_abbrev  0x0000125c      0x216 ./system/src/cmsis/system_stm32f4xx.o
 .debug_abbrev  0x00001472       0x9d ./system/src/cmsis/vectors_stm32f401xc.o
 .debug_abbrev  0x0000150f      0x16d ./src/MCAL/TIMER/Timer_prog.o
 .debug_abbrev  0x0000167c      0x13d ./src/MCAL/SYSTICK/Systick_program.o
 .debug_abbrev  0x000017b9       0xc2 ./src/MCAL/RCC/RCC_program.o
 .debug_abbrev  0x0000187b      0x133 ./src/MCAL/NVIC/NVIC_program.o
 .debug_abbrev  0x000019ae      0x12e ./src/MCAL/GPIO/GPIO_program.o
 .debug_abbrev  0x00001adc      0x15f ./src/MCAL/EXTI/EXTI_program.o
 .debug_abbrev  0x00001c3b      0x10f ./src/HAL/IR/IR_program.o
 .debug_abbrev  0x00001d4a      0x234 ./src/_initialize_hardware.o
 .debug_abbrev  0x00001f7e      0x10b ./src/main.o

.debug_line     0x00000000     0x5447
 *(.debug_line)
 .debug_line    0x00000000      0x317 ./system/src/newlib/_exit.o
 .debug_line    0x00000317      0x2cb ./system/src/newlib/_sbrk.o
 .debug_line    0x000005e2      0x393 ./system/src/newlib/_startup.o
 .debug_line    0x00000975      0x3d3 ./system/src/newlib/_syscalls.o
 .debug_line    0x00000d48      0x393 ./system/src/diag/Trace.o
 .debug_line    0x000010db      0xa87 ./system/src/diag/trace_impl.o
 .debug_line    0x00001b62      0x9f0 ./system/src/cortexm/_initialize_hardware.o
 .debug_line    0x00002552      0xb3e ./system/src/cortexm/exception_handlers.o
 .debug_line    0x00003090      0x9f6 ./system/src/cmsis/system_stm32f4xx.o
 .debug_line    0x00003a86       0xf4 ./system/src/cmsis/vectors_stm32f401xc.o
 .debug_line    0x00003b7a      0x3b3 ./src/MCAL/TIMER/Timer_prog.o
 .debug_line    0x00003f2d      0x1d2 ./src/MCAL/SYSTICK/Systick_program.o
 .debug_line    0x000040ff       0xf3 ./src/MCAL/RCC/RCC_program.o
 .debug_line    0x000041f2      0x130 ./src/MCAL/NVIC/NVIC_program.o
 .debug_line    0x00004322      0x1f2 ./src/MCAL/GPIO/GPIO_program.o
 .debug_line    0x00004514      0x159 ./src/MCAL/EXTI/EXTI_program.o
 .debug_line    0x0000466d      0x207 ./src/HAL/IR/IR_program.o
 .debug_line    0x00004874      0x9e6 ./src/_initialize_hardware.o
 .debug_line    0x0000525a      0x1ed ./src/main.o

.debug_frame    0x00000000      0xb10
 *(.debug_frame)
 .debug_frame   0x00000000       0x38 ./system/src/newlib/_exit.o
 .debug_frame   0x00000038       0x28 ./system/src/newlib/_sbrk.o
 .debug_frame   0x00000060       0x7c ./system/src/newlib/_startup.o
 .debug_frame   0x000000dc       0x50 ./system/src/newlib/_syscalls.o
 .debug_frame   0x0000012c       0x94 ./system/src/diag/Trace.o
 .debug_frame   0x000001c0       0x64 ./system/src/diag/trace_impl.o
 .debug_frame   0x00000224       0x40 ./system/src/cortexm/_initialize_hardware.o
 .debug_frame   0x00000264      0x158 ./system/src/cortexm/exception_handlers.o
 .debug_frame   0x000003bc       0x30 ./system/src/cmsis/system_stm32f4xx.o
 .debug_frame   0x000003ec       0x20 ./system/src/cmsis/vectors_stm32f401xc.o
 .debug_frame   0x0000040c       0x54 ./src/MCAL/TIMER/Timer_prog.o
 .debug_frame   0x00000460      0x110 ./src/MCAL/SYSTICK/Systick_program.o
 .debug_frame   0x00000570       0x40 ./src/MCAL/RCC/RCC_program.o
 .debug_frame   0x000005b0       0x8c ./src/MCAL/NVIC/NVIC_program.o
 .debug_frame   0x0000063c       0x88 ./src/MCAL/GPIO/GPIO_program.o
 .debug_frame   0x000006c4       0xb8 ./src/MCAL/EXTI/EXTI_program.o
 .debug_frame   0x0000077c       0x48 ./src/HAL/IR/IR_program.o
 .debug_frame   0x000007c4       0x44 ./src/_initialize_hardware.o
 .debug_frame   0x00000808       0x40 ./src/main.o
 .debug_frame   0x00000848       0x20 d:/iti/arm/imt_sdk_win_64/winarm/armgcc/bin/../lib/gcc/arm-none-eabi/7.2.1/../../../../arm-none-eabi/lib/thumb/v7e-m\libg_nano.a(lib_a-errno.o)
 .debug_frame   0x00000868       0x4c d:/iti/arm/imt_sdk_win_64/winarm/armgcc/bin/../lib/gcc/arm-none-eabi/7.2.1/../../../../arm-none-eabi/lib/thumb/v7e-m\libg_nano.a(lib_a-vsnprintf.o)
 .debug_frame   0x000008b4       0x90 d:/iti/arm/imt_sdk_win_64/winarm/armgcc/bin/../lib/gcc/arm-none-eabi/7.2.1/../../../../arm-none-eabi/lib/thumb/v7e-m\libg_nano.a(lib_a-nano-svfprintf.o)
 .debug_frame   0x00000944       0x60 d:/iti/arm/imt_sdk_win_64/winarm/armgcc/bin/../lib/gcc/arm-none-eabi/7.2.1/../../../../arm-none-eabi/lib/thumb/v7e-m\libg_nano.a(lib_a-nano-vfprintf_i.o)
 .debug_frame   0x000009a4       0x28 d:/iti/arm/imt_sdk_win_64/winarm/armgcc/bin/../lib/gcc/arm-none-eabi/7.2.1/../../../../arm-none-eabi/lib/thumb/v7e-m\libg_nano.a(lib_a-memcpy-stub.o)
 .debug_frame   0x000009cc       0x28 d:/iti/arm/imt_sdk_win_64/winarm/armgcc/bin/../lib/gcc/arm-none-eabi/7.2.1/../../../../arm-none-eabi/lib/thumb/v7e-m\libg_nano.a(lib_a-memmove.o)
 .debug_frame   0x000009f4       0x38 d:/iti/arm/imt_sdk_win_64/winarm/armgcc/bin/../lib/gcc/arm-none-eabi/7.2.1/../../../../arm-none-eabi/lib/thumb/v7e-m\libg_nano.a(lib_a-nano-freer.o)
 .debug_frame   0x00000a2c       0x2c d:/iti/arm/imt_sdk_win_64/winarm/armgcc/bin/../lib/gcc/arm-none-eabi/7.2.1/../../../../arm-none-eabi/lib/thumb/v7e-m\libg_nano.a(lib_a-nano-mallocr.o)
 .debug_frame   0x00000a58       0x3c d:/iti/arm/imt_sdk_win_64/winarm/armgcc/bin/../lib/gcc/arm-none-eabi/7.2.1/../../../../arm-none-eabi/lib/thumb/v7e-m\libg_nano.a(lib_a-nano-reallocr.o)
 .debug_frame   0x00000a94       0x2c d:/iti/arm/imt_sdk_win_64/winarm/armgcc/bin/../lib/gcc/arm-none-eabi/7.2.1/../../../../arm-none-eabi/lib/thumb/v7e-m\libg_nano.a(lib_a-sbrkr.o)
 .debug_frame   0x00000ac0       0x30 d:/iti/arm/imt_sdk_win_64/winarm/armgcc/bin/../lib/gcc/arm-none-eabi/7.2.1/../../../../arm-none-eabi/lib/thumb/v7e-m\libg_nano.a(lib_a-mlock.o)
 .debug_frame   0x00000af0       0x20 d:/iti/arm/imt_sdk_win_64/winarm/armgcc/bin/../lib/gcc/arm-none-eabi/7.2.1/../../../../arm-none-eabi/lib/thumb/v7e-m\libg_nano.a(lib_a-nano-msizer.o)

.debug_str      0x00000000    0x7679c
 *(.debug_str)
 .debug_str     0x00000000     0x7d0d ./system/src/newlib/_exit.o
                               0x7ee0 (size before relaxing)
 .debug_str     0x00007d0d      0x4f5 ./system/src/newlib/_sbrk.o
                               0x7292 (size before relaxing)
 .debug_str     0x00008202      0xc23 ./system/src/newlib/_startup.o
                               0x6a33 (size before relaxing)
 .debug_str     0x00008e25      0xe8b ./system/src/newlib/_syscalls.o
                               0x816d (size before relaxing)
 .debug_str     0x00009cb0      0x826 ./system/src/diag/Trace.o
                               0x8658 (size before relaxing)
 .debug_str     0x0000a4d6    0x67a2e ./system/src/diag/trace_impl.o
                              0x7097e (size before relaxing)
 .debug_str     0x00071f04       0xc4 ./system/src/cortexm/_initialize_hardware.o
                              0x6f710 (size before relaxing)
 .debug_str     0x00071fc8      0x1a6 ./system/src/cortexm/exception_handlers.o
                              0x70b08 (size before relaxing)
 .debug_str     0x0007216e      0x164 ./system/src/cmsis/system_stm32f4xx.o
                              0x6f7f1 (size before relaxing)
 .debug_str     0x000722d2       0x59 ./system/src/cmsis/vectors_stm32f401xc.o
                               0x3870 (size before relaxing)
 .debug_str     0x0007232b     0x33d5 ./src/MCAL/TIMER/Timer_prog.o
                               0x61c9 (size before relaxing)
 .debug_str     0x00075700      0x37f ./src/MCAL/SYSTICK/Systick_program.o
                               0x322c (size before relaxing)
 .debug_str     0x00075a7f      0x373 ./src/MCAL/RCC/RCC_program.o
                               0x3431 (size before relaxing)
 .debug_str     0x00075df2      0x3c3 ./src/MCAL/NVIC/NVIC_program.o
                               0x32a1 (size before relaxing)
 .debug_str     0x000761b5      0x14e ./src/MCAL/GPIO/GPIO_program.o
                               0x335b (size before relaxing)
 .debug_str     0x00076303      0x1fe ./src/MCAL/EXTI/EXTI_program.o
                               0x30ac (size before relaxing)
 .debug_str     0x00076501       0xe0 ./src/HAL/IR/IR_program.o
                               0x3285 (size before relaxing)
 .debug_str     0x000765e1      0x19a ./src/_initialize_hardware.o
                              0x6f8e8 (size before relaxing)
 .debug_str     0x0007677b       0x21 ./src/main.o
                               0x3782 (size before relaxing)

.debug_loc      0x00000000     0x2a4d
 *(.debug_loc)
 .debug_loc     0x00000000       0x85 ./system/src/newlib/_sbrk.o
 .debug_loc     0x00000085      0x2cb ./system/src/newlib/_startup.o
 .debug_loc     0x00000350       0x63 ./system/src/newlib/_syscalls.o
 .debug_loc     0x000003b3       0xf6 ./system/src/diag/Trace.o
 .debug_loc     0x000004a9      0x121 ./system/src/diag/trace_impl.o
 .debug_loc     0x000005ca      0x291 ./system/src/cortexm/exception_handlers.o
 .debug_loc     0x0000085b      0x13e ./system/src/cmsis/system_stm32f4xx.o
 .debug_loc     0x00000999     0x1003 ./src/MCAL/TIMER/Timer_prog.o
 .debug_loc     0x0000199c      0x196 ./src/MCAL/SYSTICK/Systick_program.o
 .debug_loc     0x00001b32      0x1b0 ./src/MCAL/RCC/RCC_program.o
 .debug_loc     0x00001ce2      0x191 ./src/MCAL/NVIC/NVIC_program.o
 .debug_loc     0x00001e73      0xa1a ./src/MCAL/GPIO/GPIO_program.o
 .debug_loc     0x0000288d      0x14b ./src/MCAL/EXTI/EXTI_program.o
 .debug_loc     0x000029d8       0x75 ./src/HAL/IR/IR_program.o

.debug_macinfo
 *(.debug_macinfo)

.debug_weaknames
 *(.debug_weaknames)

.debug_funcnames
 *(.debug_funcnames)

.debug_typenames
 *(.debug_typenames)

.debug_varnames
 *(.debug_varnames)
OUTPUT(IR.elf elf32-littlearm)

.debug_ranges   0x00000000      0x3e0
 .debug_ranges  0x00000000       0x18 ./system/src/newlib/_exit.o
 .debug_ranges  0x00000018       0x10 ./system/src/newlib/_sbrk.o
 .debug_ranges  0x00000028       0x90 ./system/src/newlib/_startup.o
 .debug_ranges  0x000000b8       0x20 ./system/src/newlib/_syscalls.o
 .debug_ranges  0x000000d8       0x28 ./system/src/diag/Trace.o
 .debug_ranges  0x00000100       0x50 ./system/src/diag/trace_impl.o
 .debug_ranges  0x00000150       0x18 ./system/src/cortexm/_initialize_hardware.o
 .debug_ranges  0x00000168       0x80 ./system/src/cortexm/exception_handlers.o
 .debug_ranges  0x000001e8       0x18 ./system/src/cmsis/system_stm32f4xx.o
 .debug_ranges  0x00000200       0x10 ./system/src/cmsis/vectors_stm32f401xc.o
 .debug_ranges  0x00000210       0x30 ./src/MCAL/TIMER/Timer_prog.o
 .debug_ranges  0x00000240       0x70 ./src/MCAL/SYSTICK/Systick_program.o
 .debug_ranges  0x000002b0       0x20 ./src/MCAL/RCC/RCC_program.o
 .debug_ranges  0x000002d0       0x40 ./src/MCAL/NVIC/NVIC_program.o
 .debug_ranges  0x00000310       0x38 ./src/MCAL/GPIO/GPIO_program.o
 .debug_ranges  0x00000348       0x50 ./src/MCAL/EXTI/EXTI_program.o
 .debug_ranges  0x00000398       0x18 ./src/HAL/IR/IR_program.o
 .debug_ranges  0x000003b0       0x18 ./src/_initialize_hardware.o
 .debug_ranges  0x000003c8       0x18 ./src/main.o

.debug_macro    0x00000000     0x499e
 .debug_macro   0x00000000      0x1b4 ./system/src/newlib/_exit.o
 .debug_macro   0x000001b4      0x10e ./system/src/newlib/_exit.o
 .debug_macro   0x000002c2       0x8d ./system/src/newlib/_exit.o
 .debug_macro   0x0000034f       0x35 ./system/src/newlib/_exit.o
 .debug_macro   0x00000384      0x169 ./system/src/newlib/_sbrk.o
 .debug_macro   0x000004ed      0x174 ./system/src/newlib/_sbrk.o
 .debug_macro   0x00000661       0x10 ./system/src/newlib/_sbrk.o
 .debug_macro   0x00000671      0x23b ./system/src/newlib/_sbrk.o
 .debug_macro   0x000008ac      0x173 ./system/src/newlib/_startup.o
 .debug_macro   0x00000a1f      0xa72 ./system/src/newlib/_startup.o
 .debug_macro   0x00001491      0x217 ./system/src/newlib/_syscalls.o
 .debug_macro   0x000016a8       0x1c ./system/src/newlib/_syscalls.o
 .debug_macro   0x000016c4       0x10 ./system/src/newlib/_syscalls.o
 .debug_macro   0x000016d4       0x10 ./system/src/newlib/_syscalls.o
 .debug_macro   0x000016e4       0x10 ./system/src/newlib/_syscalls.o
 .debug_macro   0x000016f4       0x35 ./system/src/newlib/_syscalls.o
 .debug_macro   0x00001729      0x122 ./system/src/newlib/_syscalls.o
 .debug_macro   0x0000184b       0x88 ./system/src/newlib/_syscalls.o
 .debug_macro   0x000018d3       0x2b ./system/src/newlib/_syscalls.o
 .debug_macro   0x000018fe      0x118 ./system/src/newlib/_syscalls.o
 .debug_macro   0x00001a16      0x189 ./system/src/newlib/_syscalls.o
 .debug_macro   0x00001b9f       0x16 ./system/src/newlib/_syscalls.o
 .debug_macro   0x00001bb5      0x1fb ./system/src/diag/Trace.o
 .debug_macro   0x00001db0       0x4c ./system/src/diag/Trace.o
 .debug_macro   0x00001dfc       0x16 ./system/src/diag/Trace.o
 .debug_macro   0x00001e12      0x52a ./system/src/diag/trace_impl.o
 .debug_macro   0x0000233c       0x22 ./system/src/diag/trace_impl.o
 .debug_macro   0x0000235e      0x4ee ./system/src/cortexm/_initialize_hardware.o
 .debug_macro   0x0000284c      0x557 ./system/src/cortexm/exception_handlers.o
 .debug_macro   0x00002da3       0x3b ./system/src/cortexm/exception_handlers.o
 .debug_macro   0x00002dde      0x4ea ./system/src/cmsis/system_stm32f4xx.o
 .debug_macro   0x000032c8       0x34 ./system/src/cmsis/vectors_stm32f401xc.o
 .debug_macro   0x000032fc       0x72 ./src/MCAL/TIMER/Timer_prog.o
 .debug_macro   0x0000336e       0x10 ./src/MCAL/TIMER/Timer_prog.o
 .debug_macro   0x0000337e       0x28 ./src/MCAL/TIMER/Timer_prog.o
 .debug_macro   0x000033a6       0x28 ./src/MCAL/TIMER/Timer_prog.o
 .debug_macro   0x000033ce       0x40 ./src/MCAL/TIMER/Timer_prog.o
 .debug_macro   0x0000340e       0x46 ./src/MCAL/TIMER/Timer_prog.o
 .debug_macro   0x00003454      0xaee ./src/MCAL/TIMER/Timer_prog.o
 .debug_macro   0x00003f42       0x90 ./src/MCAL/TIMER/Timer_prog.o
 .debug_macro   0x00003fd2       0x45 ./src/MCAL/SYSTICK/Systick_program.o
 .debug_macro   0x00004017       0x16 ./src/MCAL/SYSTICK/Systick_program.o
 .debug_macro   0x0000402d       0x5e ./src/MCAL/SYSTICK/Systick_program.o
 .debug_macro   0x0000408b       0x45 ./src/MCAL/RCC/RCC_program.o
 .debug_macro   0x000040d0      0x100 ./src/MCAL/RCC/RCC_program.o
 .debug_macro   0x000041d0       0x16 ./src/MCAL/RCC/RCC_program.o
 .debug_macro   0x000041e6       0x35 ./src/MCAL/NVIC/NVIC_program.o
 .debug_macro   0x0000421b       0x8e ./src/MCAL/NVIC/NVIC_program.o
 .debug_macro   0x000042a9       0x28 ./src/MCAL/NVIC/NVIC_program.o
 .debug_macro   0x000042d1       0x36 ./src/MCAL/GPIO/GPIO_program.o
 .debug_macro   0x00004307       0x2e ./src/MCAL/GPIO/GPIO_program.o
 .debug_macro   0x00004335       0x36 ./src/MCAL/EXTI/EXTI_program.o
 .debug_macro   0x0000436b       0x16 ./src/MCAL/EXTI/EXTI_program.o
 .debug_macro   0x00004381       0x6a ./src/HAL/IR/IR_program.o
 .debug_macro   0x000043eb       0x52 ./src/HAL/IR/IR_program.o
 .debug_macro   0x0000443d      0x4e4 ./src/_initialize_hardware.o
 .debug_macro   0x00004921       0x7d ./src/main.o
